<html>
<body>
<pre>
<h1>礦ision Build Log</h1>
<h2>Tool Versions:</h2>
IDE-Version: μVision V5.30.0.0
Copyright (C) 2020 ARM Ltd and ARM Germany GmbH. All rights reserved.
License Information: andy Microsoft, Microsoft, LIC=14HJJ-UZZSL-U4KS7-E8L34-SF488-UQIFM
 
Tool Versions:
Toolchain:       MDK-ARM Plus  Version: 5.30.0.0
Toolchain Path:  c:\Keil_v530\ARM\ARMCC\Bin
C Compiler:      Armcc.exe V5.06 update 6 (build 750)
Assembler:       Armasm.exe V5.06 update 6 (build 750)
Linker/Locator:  ArmLink.exe V5.06 update 6 (build 750)
Library Manager: ArmAr.exe V5.06 update 6 (build 750)
Hex Converter:   FromElf.exe V5.06 update 6 (build 750)
CPU DLL:         SARMCM3.DLL V5.30.0.0
Dialog DLL:      DCM.DLL V1.17.3.0
Target DLL:      UL2CM3.DLL V1.163.3.0
Dialog DLL:      TCM.DLL V1.42.0.0
 
<h2>Project:</h2>
D:\waterworld\WRA03\code\rtl876x\project\evb\ble_peripheral\peripheral.uvprojx
Project File Date:  06/02/2021

<h2>Output:</h2>
  
Warning: *** SUPPORT EXPIRED, NEW PRODUCT SERIAL NUMBER REQUIRED ***
         *** Running with Code Size Limit: 32K                   ***
*** Using Compiler 'V5.06 update 6 (build 750)', folder: 'c:\Keil_v530\ARM\ARMCC\Bin'
Build target 'CK33'
Before Build - User command #1: ..\..\..\tool\before_build_common.bat c:\Keil_v530\
before_build_common bat
Before Build - User command #2: before_build_special.bat CK33
build_before_special bat
删除文件 - D:\waterworld\WRA03\code\rtl876x\project\evb\ble_peripheral\bin\app-f5ffb5bdb3cb90c6361072e86d4991bb.bin
删除文件 - D:\waterworld\WRA03\code\rtl876x\project\evb\ble_peripheral\bin\app-f5ffb5bdb3cb90c6361072e86d4991bb.disasm
删除文件 - D:\waterworld\WRA03\code\rtl876x\project\evb\ble_peripheral\bin\app-f5ffb5bdb3cb90c6361072e86d4991bb.trace
删除文件 - D:\waterworld\WRA03\code\rtl876x\project\evb\ble_peripheral\bin\app.bin
删除文件 - D:\waterworld\WRA03\code\rtl876x\project\evb\ble_peripheral\bin\app.disasm
删除文件 - D:\waterworld\WRA03\code\rtl876x\project\evb\ble_peripheral\bin\App.trace
删除文件 - D:\waterworld\WRA03\code\rtl876x\project\evb\ble_peripheral\bin\app_MP_sdk#####_1.2.1.24_8da2a630-29d9903034d551b8e0799a6dcf658612.bin
删除文件 - D:\waterworld\WRA03\code\rtl876x\project\evb\ble_peripheral\out\CK33\app_MP_sdk#####_1.2.1.24_8da2a630-29d9903034d551b8e0799a6dcf658612.bin
删除文件 - D:\waterworld\WRA03\code\rtl876x\project\evb\ble_peripheral\out\CK33\CK33_app.bin
删除文件 - D:\waterworld\WRA03\code\rtl876x\project\evb\ble_peripheral\out\CK33\CK33_flash_data.bin
子目录或文件 .\out\CK33\ 已经存在。
已复制         1 个文件。
assembling startup_rtl8762c.s...
compiling window_manager.c...
linking...
Program Size: Code=153084 RO-data=183976 RW-data=11236 ZI-data=46628  
After Build - User command #1: ..\..\..\tool\after_build_common.bat c:\Keil_v530\ARM\ARMCC\include D:\waterworld\WRA03\code\rtl876x\project\evb\ble_peripheral\Objects\app.axf app
Plain text image.
Generating SHA256...
SHA256 = 08FDF3986FFA20DF33410EE31130E241411AA93E5B456E6FAA9F2B98407708B5
MP header appending start...
D:\waterworld\WRA03\code\rtl876x\project\evb\ble_peripheral\mp.ini
No BinDependence...
No Comment...
No Author...
No Date...
MP header appending OK!
go encrypt.
Output Image: bin\app-db29eaf6320f1825f2261388066e8178.bin
Backup Disasm: bin\app-db29eaf6320f1825f2261388066e8178.disasm
Output Image: bin\app_MP_sdk#####_1.2.1.24_8da2a630-ce7f1f86e29696a704822d87da527f66.bin
After Build - User command #2: after_build_special.bat CK33
build_after_special bat
已复制         1 个文件。
.\bin\app_MP_sdk#####_1.2.1.24_8da2a630-ce7f1f86e29696a704822d87da527f66.bin
已复制         1 个文件。
".\Objects\app.axf" - 0 Error(s), 1 Warning(s).

<h2>Software Packages used:</h2>

Package Vendor: ARM
                http://www.keil.com/pack/ARM.CMSIS.5.7.0.pack
                ARM.CMSIS.5.7.0
                CMSIS (Cortex Microcontroller Software Interface Standard)

<h2>Collection of Component include folders:</h2>
  .\RTE\_CK33
  C:\Users\Administrator\AppData\Local\Arm\Packs\ARM\CMSIS\5.7.0\Device\ARM\ARMCM4\Include

<h2>Collection of Component Files used:</h2>
Build Time Elapsed:  00:00:12
</pre>
</body>
</html>
